---
source: dbuf-core/tests/elaboration/elaboration_correct.rs
expression: elaborated
---
Ok(
    Module {
        types: {
            InternedString {
                inner: "Nat",
            }: Type {
                dependencies: [],
                constructor_names: OfEnum(
                    {
                        InternedString {
                            inner: "Suc",
                        },
                        InternedString {
                            inner: "Zero",
                        },
                    },
                ),
            },
            InternedString {
                inner: "NatDep",
            }: Type {
                dependencies: [
                    (
                        InternedString {
                            inner: "n",
                        },
                        TypeExpression {
                            name: InternedString {
                                inner: "Nat",
                            },
                            dependencies: [],
                        },
                    ),
                ],
                constructor_names: OfMessage(
                    InternedString {
                        inner: "NatDep",
                    },
                ),
            },
            InternedString {
                inner: "A",
            }: Type {
                dependencies: [
                    (
                        InternedString {
                            inner: "n",
                        },
                        TypeExpression {
                            name: InternedString {
                                inner: "Nat",
                            },
                            dependencies: [],
                        },
                    ),
                ],
                constructor_names: OfEnum(
                    {
                        InternedString {
                            inner: "B",
                        },
                        InternedString {
                            inner: "C",
                        },
                    },
                ),
            },
        },
        constructors: {
            InternedString {
                inner: "B",
            }: Constructor {
                implicits: [
                    (
                        InternedString {
                            inner: "p",
                        },
                        TypeExpression {
                            name: InternedString {
                                inner: "Nat",
                            },
                            dependencies: [],
                        },
                    ),
                ],
                fields: [
                    (
                        InternedString {
                            inner: "f1",
                        },
                        TypeExpression {
                            name: InternedString {
                                inner: "NatDep",
                            },
                            dependencies: [
                                Variable {
                                    name: InternedString {
                                        inner: "p",
                                    },
                                    ty: TypeExpression {
                                        name: InternedString {
                                            inner: "Nat",
                                        },
                                        dependencies: [],
                                    },
                                },
                            ],
                        },
                    ),
                    (
                        InternedString {
                            inner: "f2",
                        },
                        TypeExpression {
                            name: InternedString {
                                inner: "NatDep",
                            },
                            dependencies: [
                                Variable {
                                    name: InternedString {
                                        inner: "p",
                                    },
                                    ty: TypeExpression {
                                        name: InternedString {
                                            inner: "Nat",
                                        },
                                        dependencies: [],
                                    },
                                },
                            ],
                        },
                    ),
                ],
                result_type: TypeExpression {
                    name: InternedString {
                        inner: "A",
                    },
                    dependencies: [
                        Constructor {
                            name: InternedString {
                                inner: "Suc",
                            },
                            implicits: [],
                            arguments: [
                                Variable {
                                    name: InternedString {
                                        inner: "p",
                                    },
                                    ty: TypeExpression {
                                        name: InternedString {
                                            inner: "Nat",
                                        },
                                        dependencies: [],
                                    },
                                },
                            ],
                            result_type: TypeExpression {
                                name: InternedString {
                                    inner: "Nat",
                                },
                                dependencies: [],
                            },
                        },
                    ],
                },
            },
            InternedString {
                inner: "C",
            }: Constructor {
                implicits: [
                    (
                        InternedString {
                            inner: "n",
                        },
                        TypeExpression {
                            name: InternedString {
                                inner: "Nat",
                            },
                            dependencies: [],
                        },
                    ),
                ],
                fields: [],
                result_type: TypeExpression {
                    name: InternedString {
                        inner: "A",
                    },
                    dependencies: [
                        Variable {
                            name: InternedString {
                                inner: "n",
                            },
                            ty: TypeExpression {
                                name: InternedString {
                                    inner: "Nat",
                                },
                                dependencies: [],
                            },
                        },
                    ],
                },
            },
            InternedString {
                inner: "NatDep",
            }: Constructor {
                implicits: [
                    (
                        InternedString {
                            inner: "n",
                        },
                        TypeExpression {
                            name: InternedString {
                                inner: "Nat",
                            },
                            dependencies: [],
                        },
                    ),
                ],
                fields: [],
                result_type: TypeExpression {
                    name: InternedString {
                        inner: "NatDep",
                    },
                    dependencies: [
                        Variable {
                            name: InternedString {
                                inner: "n",
                            },
                            ty: TypeExpression {
                                name: InternedString {
                                    inner: "Nat",
                                },
                                dependencies: [],
                            },
                        },
                    ],
                },
            },
            InternedString {
                inner: "Suc",
            }: Constructor {
                implicits: [],
                fields: [
                    (
                        InternedString {
                            inner: "pred",
                        },
                        TypeExpression {
                            name: InternedString {
                                inner: "Nat",
                            },
                            dependencies: [],
                        },
                    ),
                ],
                result_type: TypeExpression {
                    name: InternedString {
                        inner: "Nat",
                    },
                    dependencies: [],
                },
            },
            InternedString {
                inner: "Zero",
            }: Constructor {
                implicits: [],
                fields: [],
                result_type: TypeExpression {
                    name: InternedString {
                        inner: "Nat",
                    },
                    dependencies: [],
                },
            },
        },
    },
)
