---
source: dbuf-core/tests/elaboration/elaboration_correct.rs
expression: elaborated
---
Ok(
    Module {
        types: {
            InternedString {
                inner: "StringDep",
            }: Type {
                dependencies: [
                    (
                        InternedString {
                            inner: "s",
                        },
                        TypeExpression {
                            name: InternedString {
                                inner: "String",
                            },
                            dependencies: [],
                        },
                    ),
                ],
                constructor_names: OfMessage(
                    InternedString {
                        inner: "StringDep",
                    },
                ),
            },
            InternedString {
                inner: "StringChain",
            }: Type {
                dependencies: [
                    (
                        InternedString {
                            inner: "s1",
                        },
                        TypeExpression {
                            name: InternedString {
                                inner: "String",
                            },
                            dependencies: [],
                        },
                    ),
                    (
                        InternedString {
                            inner: "s2",
                        },
                        TypeExpression {
                            name: InternedString {
                                inner: "String",
                            },
                            dependencies: [],
                        },
                    ),
                    (
                        InternedString {
                            inner: "s3",
                        },
                        TypeExpression {
                            name: InternedString {
                                inner: "String",
                            },
                            dependencies: [],
                        },
                    ),
                ],
                constructor_names: OfMessage(
                    InternedString {
                        inner: "StringChain",
                    },
                ),
            },
        },
        constructors: {
            InternedString {
                inner: "StringChain",
            }: Constructor {
                implicits: [
                    (
                        InternedString {
                            inner: "s1",
                        },
                        TypeExpression {
                            name: InternedString {
                                inner: "String",
                            },
                            dependencies: [],
                        },
                    ),
                    (
                        InternedString {
                            inner: "s2",
                        },
                        TypeExpression {
                            name: InternedString {
                                inner: "String",
                            },
                            dependencies: [],
                        },
                    ),
                    (
                        InternedString {
                            inner: "s3",
                        },
                        TypeExpression {
                            name: InternedString {
                                inner: "String",
                            },
                            dependencies: [],
                        },
                    ),
                ],
                fields: [
                    (
                        InternedString {
                            inner: "two",
                        },
                        TypeExpression {
                            name: InternedString {
                                inner: "StringDep",
                            },
                            dependencies: [
                                OpCall {
                                    op_call: Binary(
                                        Plus,
                                        Variable {
                                            name: InternedString {
                                                inner: "s1",
                                            },
                                            ty: TypeExpression {
                                                name: InternedString {
                                                    inner: "String",
                                                },
                                                dependencies: [],
                                            },
                                        },
                                        Variable {
                                            name: InternedString {
                                                inner: "s2",
                                            },
                                            ty: TypeExpression {
                                                name: InternedString {
                                                    inner: "String",
                                                },
                                                dependencies: [],
                                            },
                                        },
                                    ),
                                    result_type: TypeExpression {
                                        name: InternedString {
                                            inner: "String",
                                        },
                                        dependencies: [],
                                    },
                                },
                            ],
                        },
                    ),
                    (
                        InternedString {
                            inner: "three",
                        },
                        TypeExpression {
                            name: InternedString {
                                inner: "StringDep",
                            },
                            dependencies: [
                                OpCall {
                                    op_call: Binary(
                                        Plus,
                                        OpCall {
                                            op_call: Binary(
                                                Plus,
                                                Variable {
                                                    name: InternedString {
                                                        inner: "s1",
                                                    },
                                                    ty: TypeExpression {
                                                        name: InternedString {
                                                            inner: "String",
                                                        },
                                                        dependencies: [],
                                                    },
                                                },
                                                Variable {
                                                    name: InternedString {
                                                        inner: "s2",
                                                    },
                                                    ty: TypeExpression {
                                                        name: InternedString {
                                                            inner: "String",
                                                        },
                                                        dependencies: [],
                                                    },
                                                },
                                            ),
                                            result_type: TypeExpression {
                                                name: InternedString {
                                                    inner: "String",
                                                },
                                                dependencies: [],
                                            },
                                        },
                                        Variable {
                                            name: InternedString {
                                                inner: "s3",
                                            },
                                            ty: TypeExpression {
                                                name: InternedString {
                                                    inner: "String",
                                                },
                                                dependencies: [],
                                            },
                                        },
                                    ),
                                    result_type: TypeExpression {
                                        name: InternedString {
                                            inner: "String",
                                        },
                                        dependencies: [],
                                    },
                                },
                            ],
                        },
                    ),
                    (
                        InternedString {
                            inner: "withLit",
                        },
                        TypeExpression {
                            name: InternedString {
                                inner: "StringDep",
                            },
                            dependencies: [
                                OpCall {
                                    op_call: Binary(
                                        Plus,
                                        Variable {
                                            name: InternedString {
                                                inner: "s1",
                                            },
                                            ty: TypeExpression {
                                                name: InternedString {
                                                    inner: "String",
                                                },
                                                dependencies: [],
                                            },
                                        },
                                        OpCall {
                                            op_call: Literal(
                                                Str(
                                                    "!",
                                                ),
                                            ),
                                            result_type: TypeExpression {
                                                name: InternedString {
                                                    inner: "String",
                                                },
                                                dependencies: [],
                                            },
                                        },
                                    ),
                                    result_type: TypeExpression {
                                        name: InternedString {
                                            inner: "String",
                                        },
                                        dependencies: [],
                                    },
                                },
                            ],
                        },
                    ),
                    (
                        InternedString {
                            inner: "litFirst",
                        },
                        TypeExpression {
                            name: InternedString {
                                inner: "StringDep",
                            },
                            dependencies: [
                                OpCall {
                                    op_call: Binary(
                                        Plus,
                                        OpCall {
                                            op_call: Literal(
                                                Str(
                                                    "hello",
                                                ),
                                            ),
                                            result_type: TypeExpression {
                                                name: InternedString {
                                                    inner: "String",
                                                },
                                                dependencies: [],
                                            },
                                        },
                                        Variable {
                                            name: InternedString {
                                                inner: "s1",
                                            },
                                            ty: TypeExpression {
                                                name: InternedString {
                                                    inner: "String",
                                                },
                                                dependencies: [],
                                            },
                                        },
                                    ),
                                    result_type: TypeExpression {
                                        name: InternedString {
                                            inner: "String",
                                        },
                                        dependencies: [],
                                    },
                                },
                            ],
                        },
                    ),
                    (
                        InternedString {
                            inner: "allLit",
                        },
                        TypeExpression {
                            name: InternedString {
                                inner: "StringDep",
                            },
                            dependencies: [
                                OpCall {
                                    op_call: Literal(
                                        Str(
                                            "foobarbaz",
                                        ),
                                    ),
                                    result_type: TypeExpression {
                                        name: InternedString {
                                            inner: "String",
                                        },
                                        dependencies: [],
                                    },
                                },
                            ],
                        },
                    ),
                ],
                result_type: TypeExpression {
                    name: InternedString {
                        inner: "StringChain",
                    },
                    dependencies: [
                        Variable {
                            name: InternedString {
                                inner: "s1",
                            },
                            ty: TypeExpression {
                                name: InternedString {
                                    inner: "String",
                                },
                                dependencies: [],
                            },
                        },
                        Variable {
                            name: InternedString {
                                inner: "s2",
                            },
                            ty: TypeExpression {
                                name: InternedString {
                                    inner: "String",
                                },
                                dependencies: [],
                            },
                        },
                        Variable {
                            name: InternedString {
                                inner: "s3",
                            },
                            ty: TypeExpression {
                                name: InternedString {
                                    inner: "String",
                                },
                                dependencies: [],
                            },
                        },
                    ],
                },
            },
            InternedString {
                inner: "StringDep",
            }: Constructor {
                implicits: [
                    (
                        InternedString {
                            inner: "s",
                        },
                        TypeExpression {
                            name: InternedString {
                                inner: "String",
                            },
                            dependencies: [],
                        },
                    ),
                ],
                fields: [],
                result_type: TypeExpression {
                    name: InternedString {
                        inner: "StringDep",
                    },
                    dependencies: [
                        Variable {
                            name: InternedString {
                                inner: "s",
                            },
                            ty: TypeExpression {
                                name: InternedString {
                                    inner: "String",
                                },
                                dependencies: [],
                            },
                        },
                    ],
                },
            },
        },
    },
)
