---
source: dbuf-core/tests/elaboration/elaboration_correct.rs
assertion_line: 21
expression: elaborated
---
Ok(
    Module {
        types: {
            InternedString {
                inner: "IntDep",
            }: Type {
                dependencies: [
                    (
                        InternedString {
                            inner: "n",
                        },
                        TypeExpression {
                            name: InternedString {
                                inner: "Int",
                            },
                            dependencies: [],
                        },
                    ),
                ],
                constructor_names: OfMessage(
                    InternedString {
                        inner: "IntDep",
                    },
                ),
            },
            InternedString {
                inner: "MultiLit",
            }: Type {
                dependencies: [
                    (
                        InternedString {
                            inner: "n",
                        },
                        TypeExpression {
                            name: InternedString {
                                inner: "Int",
                            },
                            dependencies: [],
                        },
                    ),
                ],
                constructor_names: OfEnum(
                    {
                        InternedString {
                            inner: "IsOne",
                        },
                        InternedString {
                            inner: "IsTwo",
                        },
                        InternedString {
                            inner: "IsZero",
                        },
                        InternedString {
                            inner: "Other",
                        },
                    },
                ),
            },
            InternedString {
                inner: "Sign",
            }: Type {
                dependencies: [
                    (
                        InternedString {
                            inner: "n",
                        },
                        TypeExpression {
                            name: InternedString {
                                inner: "Int",
                            },
                            dependencies: [],
                        },
                    ),
                ],
                constructor_names: OfEnum(
                    {
                        InternedString {
                            inner: "NonZero",
                        },
                        InternedString {
                            inner: "Zero",
                        },
                    },
                ),
            },
            InternedString {
                inner: "WithField",
            }: Type {
                dependencies: [
                    (
                        InternedString {
                            inner: "n",
                        },
                        TypeExpression {
                            name: InternedString {
                                inner: "Int",
                            },
                            dependencies: [],
                        },
                    ),
                ],
                constructor_names: OfEnum(
                    {
                        InternedString {
                            inner: "Base",
                        },
                        InternedString {
                            inner: "Shifted",
                        },
                    },
                ),
            },
        },
        constructors: {
            InternedString {
                inner: "Base",
            }: Constructor {
                implicits: [],
                fields: [],
                result_type: TypeExpression {
                    name: InternedString {
                        inner: "WithField",
                    },
                    dependencies: [
                        OpCall {
                            op_call: Literal(
                                Int(
                                    0,
                                ),
                            ),
                            result_type: TypeExpression {
                                name: InternedString {
                                    inner: "Int",
                                },
                                dependencies: [],
                            },
                        },
                    ],
                },
            },
            InternedString {
                inner: "IntDep",
            }: Constructor {
                implicits: [
                    (
                        InternedString {
                            inner: "n",
                        },
                        TypeExpression {
                            name: InternedString {
                                inner: "Int",
                            },
                            dependencies: [],
                        },
                    ),
                ],
                fields: [],
                result_type: TypeExpression {
                    name: InternedString {
                        inner: "IntDep",
                    },
                    dependencies: [
                        Variable {
                            name: InternedString {
                                inner: "n",
                            },
                            ty: TypeExpression {
                                name: InternedString {
                                    inner: "Int",
                                },
                                dependencies: [],
                            },
                        },
                    ],
                },
            },
            InternedString {
                inner: "IsOne",
            }: Constructor {
                implicits: [],
                fields: [],
                result_type: TypeExpression {
                    name: InternedString {
                        inner: "MultiLit",
                    },
                    dependencies: [
                        OpCall {
                            op_call: Literal(
                                Int(
                                    1,
                                ),
                            ),
                            result_type: TypeExpression {
                                name: InternedString {
                                    inner: "Int",
                                },
                                dependencies: [],
                            },
                        },
                    ],
                },
            },
            InternedString {
                inner: "IsTwo",
            }: Constructor {
                implicits: [],
                fields: [],
                result_type: TypeExpression {
                    name: InternedString {
                        inner: "MultiLit",
                    },
                    dependencies: [
                        OpCall {
                            op_call: Literal(
                                Int(
                                    2,
                                ),
                            ),
                            result_type: TypeExpression {
                                name: InternedString {
                                    inner: "Int",
                                },
                                dependencies: [],
                            },
                        },
                    ],
                },
            },
            InternedString {
                inner: "IsZero",
            }: Constructor {
                implicits: [],
                fields: [],
                result_type: TypeExpression {
                    name: InternedString {
                        inner: "MultiLit",
                    },
                    dependencies: [
                        OpCall {
                            op_call: Literal(
                                Int(
                                    0,
                                ),
                            ),
                            result_type: TypeExpression {
                                name: InternedString {
                                    inner: "Int",
                                },
                                dependencies: [],
                            },
                        },
                    ],
                },
            },
            InternedString {
                inner: "NonZero",
            }: Constructor {
                implicits: [
                    (
                        InternedString {
                            inner: "n",
                        },
                        TypeExpression {
                            name: InternedString {
                                inner: "Int",
                            },
                            dependencies: [],
                        },
                    ),
                ],
                fields: [],
                result_type: TypeExpression {
                    name: InternedString {
                        inner: "Sign",
                    },
                    dependencies: [
                        Variable {
                            name: InternedString {
                                inner: "n",
                            },
                            ty: TypeExpression {
                                name: InternedString {
                                    inner: "Int",
                                },
                                dependencies: [],
                            },
                        },
                    ],
                },
            },
            InternedString {
                inner: "Other",
            }: Constructor {
                implicits: [
                    (
                        InternedString {
                            inner: "n",
                        },
                        TypeExpression {
                            name: InternedString {
                                inner: "Int",
                            },
                            dependencies: [],
                        },
                    ),
                ],
                fields: [],
                result_type: TypeExpression {
                    name: InternedString {
                        inner: "MultiLit",
                    },
                    dependencies: [
                        Variable {
                            name: InternedString {
                                inner: "n",
                            },
                            ty: TypeExpression {
                                name: InternedString {
                                    inner: "Int",
                                },
                                dependencies: [],
                            },
                        },
                    ],
                },
            },
            InternedString {
                inner: "Shifted",
            }: Constructor {
                implicits: [
                    (
                        InternedString {
                            inner: "n",
                        },
                        TypeExpression {
                            name: InternedString {
                                inner: "Int",
                            },
                            dependencies: [],
                        },
                    ),
                ],
                fields: [
                    (
                        InternedString {
                            inner: "d",
                        },
                        TypeExpression {
                            name: InternedString {
                                inner: "IntDep",
                            },
                            dependencies: [
                                Variable {
                                    name: InternedString {
                                        inner: "n",
                                    },
                                    ty: TypeExpression {
                                        name: InternedString {
                                            inner: "Int",
                                        },
                                        dependencies: [],
                                    },
                                },
                            ],
                        },
                    ),
                ],
                result_type: TypeExpression {
                    name: InternedString {
                        inner: "WithField",
                    },
                    dependencies: [
                        Variable {
                            name: InternedString {
                                inner: "n",
                            },
                            ty: TypeExpression {
                                name: InternedString {
                                    inner: "Int",
                                },
                                dependencies: [],
                            },
                        },
                    ],
                },
            },
            InternedString {
                inner: "Zero",
            }: Constructor {
                implicits: [],
                fields: [],
                result_type: TypeExpression {
                    name: InternedString {
                        inner: "Sign",
                    },
                    dependencies: [
                        OpCall {
                            op_call: Literal(
                                Int(
                                    0,
                                ),
                            ),
                            result_type: TypeExpression {
                                name: InternedString {
                                    inner: "Int",
                                },
                                dependencies: [],
                            },
                        },
                    ],
                },
            },
        },
    },
)
