---
source: dbuf-core/tests/elaboration/elaboration_correct.rs
expression: elaborated
---
Ok(
    Module {
        types: [
            (
                InternedString {
                    inner: "Nat",
                },
                Type {
                    dependencies: [],
                    constructor_names: OfEnum(
                        {
                            InternedString {
                                inner: "Suc",
                            },
                            InternedString {
                                inner: "Zero",
                            },
                        },
                    ),
                },
            ),
            (
                InternedString {
                    inner: "NatDep",
                },
                Type {
                    dependencies: [
                        (
                            InternedString {
                                inner: "n_dep",
                            },
                            TypeExpression {
                                name: InternedString {
                                    inner: "Nat",
                                },
                                dependencies: [],
                            },
                        ),
                    ],
                    constructor_names: OfMessage(
                        InternedString {
                            inner: "NatDep",
                        },
                    ),
                },
            ),
            (
                InternedString {
                    inner: "Vec",
                },
                Type {
                    dependencies: [
                        (
                            InternedString {
                                inner: "n_dep",
                            },
                            TypeExpression {
                                name: InternedString {
                                    inner: "Nat",
                                },
                                dependencies: [],
                            },
                        ),
                    ],
                    constructor_names: OfEnum(
                        {
                            InternedString {
                                inner: "Cons",
                            },
                            InternedString {
                                inner: "Nil",
                            },
                        },
                    ),
                },
            ),
            (
                InternedString {
                    inner: "UseNat",
                },
                Type {
                    dependencies: [],
                    constructor_names: OfMessage(
                        InternedString {
                            inner: "UseNat",
                        },
                    ),
                },
            ),
        ],
        constructors: {
            InternedString {
                inner: "Cons",
            }: Constructor {
                implicits: [
                    (
                        InternedString {
                            inner: "p",
                        },
                        TypeExpression {
                            name: InternedString {
                                inner: "Nat",
                            },
                            dependencies: [],
                        },
                    ),
                ],
                fields: [
                    (
                        InternedString {
                            inner: "head",
                        },
                        TypeExpression {
                            name: InternedString {
                                inner: "Int",
                            },
                            dependencies: [],
                        },
                    ),
                    (
                        InternedString {
                            inner: "tail",
                        },
                        TypeExpression {
                            name: InternedString {
                                inner: "Vec",
                            },
                            dependencies: [
                                Variable {
                                    name: InternedString {
                                        inner: "p",
                                    },
                                    ty: TypeExpression {
                                        name: InternedString {
                                            inner: "Nat",
                                        },
                                        dependencies: [],
                                    },
                                },
                            ],
                        },
                    ),
                ],
                result_type: TypeExpression {
                    name: InternedString {
                        inner: "Vec",
                    },
                    dependencies: [
                        Constructor {
                            name: InternedString {
                                inner: "Suc",
                            },
                            implicits: [],
                            arguments: [
                                Variable {
                                    name: InternedString {
                                        inner: "p",
                                    },
                                    ty: TypeExpression {
                                        name: InternedString {
                                            inner: "Nat",
                                        },
                                        dependencies: [],
                                    },
                                },
                            ],
                            result_type: TypeExpression {
                                name: InternedString {
                                    inner: "Nat",
                                },
                                dependencies: [],
                            },
                        },
                    ],
                },
            },
            InternedString {
                inner: "NatDep",
            }: Constructor {
                implicits: [
                    (
                        InternedString {
                            inner: "n",
                        },
                        TypeExpression {
                            name: InternedString {
                                inner: "Nat",
                            },
                            dependencies: [],
                        },
                    ),
                ],
                fields: [],
                result_type: TypeExpression {
                    name: InternedString {
                        inner: "NatDep",
                    },
                    dependencies: [
                        Variable {
                            name: InternedString {
                                inner: "n",
                            },
                            ty: TypeExpression {
                                name: InternedString {
                                    inner: "Nat",
                                },
                                dependencies: [],
                            },
                        },
                    ],
                },
            },
            InternedString {
                inner: "Nil",
            }: Constructor {
                implicits: [],
                fields: [],
                result_type: TypeExpression {
                    name: InternedString {
                        inner: "Vec",
                    },
                    dependencies: [
                        Constructor {
                            name: InternedString {
                                inner: "Zero",
                            },
                            implicits: [],
                            arguments: [],
                            result_type: TypeExpression {
                                name: InternedString {
                                    inner: "Nat",
                                },
                                dependencies: [],
                            },
                        },
                    ],
                },
            },
            InternedString {
                inner: "Suc",
            }: Constructor {
                implicits: [],
                fields: [
                    (
                        InternedString {
                            inner: "pred",
                        },
                        TypeExpression {
                            name: InternedString {
                                inner: "Nat",
                            },
                            dependencies: [],
                        },
                    ),
                ],
                result_type: TypeExpression {
                    name: InternedString {
                        inner: "Nat",
                    },
                    dependencies: [],
                },
            },
            InternedString {
                inner: "UseNat",
            }: Constructor {
                implicits: [],
                fields: [
                    (
                        InternedString {
                            inner: "n",
                        },
                        TypeExpression {
                            name: InternedString {
                                inner: "Nat",
                            },
                            dependencies: [],
                        },
                    ),
                    (
                        InternedString {
                            inner: "d",
                        },
                        TypeExpression {
                            name: InternedString {
                                inner: "NatDep",
                            },
                            dependencies: [
                                Constructor {
                                    name: InternedString {
                                        inner: "Zero",
                                    },
                                    implicits: [],
                                    arguments: [],
                                    result_type: TypeExpression {
                                        name: InternedString {
                                            inner: "Nat",
                                        },
                                        dependencies: [],
                                    },
                                },
                            ],
                        },
                    ),
                    (
                        InternedString {
                            inner: "d2",
                        },
                        TypeExpression {
                            name: InternedString {
                                inner: "NatDep",
                            },
                            dependencies: [
                                Constructor {
                                    name: InternedString {
                                        inner: "Suc",
                                    },
                                    implicits: [],
                                    arguments: [
                                        Constructor {
                                            name: InternedString {
                                                inner: "Zero",
                                            },
                                            implicits: [],
                                            arguments: [],
                                            result_type: TypeExpression {
                                                name: InternedString {
                                                    inner: "Nat",
                                                },
                                                dependencies: [],
                                            },
                                        },
                                    ],
                                    result_type: TypeExpression {
                                        name: InternedString {
                                            inner: "Nat",
                                        },
                                        dependencies: [],
                                    },
                                },
                            ],
                        },
                    ),
                ],
                result_type: TypeExpression {
                    name: InternedString {
                        inner: "UseNat",
                    },
                    dependencies: [],
                },
            },
            InternedString {
                inner: "Zero",
            }: Constructor {
                implicits: [],
                fields: [],
                result_type: TypeExpression {
                    name: InternedString {
                        inner: "Nat",
                    },
                    dependencies: [],
                },
            },
        },
    },
)
