---
source: dbuf-core/tests/elaboration/elaboration_correct.rs
expression: elaborated
---
Ok(
    Module {
        types: [
            (
                InternedString {
                    inner: "IntDep",
                },
                Type {
                    dependencies: [
                        (
                            InternedString {
                                inner: "n_dep",
                            },
                            TypeExpression {
                                name: InternedString {
                                    inner: "Int",
                                },
                                dependencies: [],
                            },
                        ),
                    ],
                    constructor_names: OfMessage(
                        InternedString {
                            inner: "IntDep",
                        },
                    ),
                },
            ),
            (
                InternedString {
                    inner: "DepWithExpr",
                },
                Type {
                    dependencies: [
                        (
                            InternedString {
                                inner: "a_dep",
                            },
                            TypeExpression {
                                name: InternedString {
                                    inner: "Int",
                                },
                                dependencies: [],
                            },
                        ),
                        (
                            InternedString {
                                inner: "b_dep",
                            },
                            TypeExpression {
                                name: InternedString {
                                    inner: "IntDep",
                                },
                                dependencies: [
                                    OpCall {
                                        op_call: Binary(
                                            Minus,
                                            OpCall {
                                                op_call: Literal(
                                                    Int(
                                                        1,
                                                    ),
                                                ),
                                                result_type: TypeExpression {
                                                    name: InternedString {
                                                        inner: "Int",
                                                    },
                                                    dependencies: [],
                                                },
                                            },
                                            Variable {
                                                name: InternedString {
                                                    inner: "a_dep",
                                                },
                                                ty: TypeExpression {
                                                    name: InternedString {
                                                        inner: "Int",
                                                    },
                                                    dependencies: [],
                                                },
                                            },
                                        ),
                                        result_type: TypeExpression {
                                            name: InternedString {
                                                inner: "Int",
                                            },
                                            dependencies: [],
                                        },
                                    },
                                ],
                            },
                        ),
                    ],
                    constructor_names: OfMessage(
                        InternedString {
                            inner: "DepWithExpr",
                        },
                    ),
                },
            ),
            (
                InternedString {
                    inner: "ThreeDeps",
                },
                Type {
                    dependencies: [
                        (
                            InternedString {
                                inner: "a_dep",
                            },
                            TypeExpression {
                                name: InternedString {
                                    inner: "Int",
                                },
                                dependencies: [],
                            },
                        ),
                        (
                            InternedString {
                                inner: "b_dep",
                            },
                            TypeExpression {
                                name: InternedString {
                                    inner: "IntDep",
                                },
                                dependencies: [
                                    Variable {
                                        name: InternedString {
                                            inner: "a_dep",
                                        },
                                        ty: TypeExpression {
                                            name: InternedString {
                                                inner: "Int",
                                            },
                                            dependencies: [],
                                        },
                                    },
                                ],
                            },
                        ),
                        (
                            InternedString {
                                inner: "c_dep",
                            },
                            TypeExpression {
                                name: InternedString {
                                    inner: "IntDep",
                                },
                                dependencies: [
                                    Variable {
                                        name: InternedString {
                                            inner: "a_dep",
                                        },
                                        ty: TypeExpression {
                                            name: InternedString {
                                                inner: "Int",
                                            },
                                            dependencies: [],
                                        },
                                    },
                                ],
                            },
                        ),
                    ],
                    constructor_names: OfMessage(
                        InternedString {
                            inner: "ThreeDeps",
                        },
                    ),
                },
            ),
            (
                InternedString {
                    inner: "TwoDeps",
                },
                Type {
                    dependencies: [
                        (
                            InternedString {
                                inner: "a_dep",
                            },
                            TypeExpression {
                                name: InternedString {
                                    inner: "Int",
                                },
                                dependencies: [],
                            },
                        ),
                        (
                            InternedString {
                                inner: "b_dep",
                            },
                            TypeExpression {
                                name: InternedString {
                                    inner: "IntDep",
                                },
                                dependencies: [
                                    Variable {
                                        name: InternedString {
                                            inner: "a_dep",
                                        },
                                        ty: TypeExpression {
                                            name: InternedString {
                                                inner: "Int",
                                            },
                                            dependencies: [],
                                        },
                                    },
                                ],
                            },
                        ),
                    ],
                    constructor_names: OfMessage(
                        InternedString {
                            inner: "TwoDeps",
                        },
                    ),
                },
            ),
        ],
        constructors: {
            InternedString {
                inner: "DepWithExpr",
            }: Constructor {
                implicits: [
                    (
                        InternedString {
                            inner: "a",
                        },
                        TypeExpression {
                            name: InternedString {
                                inner: "Int",
                            },
                            dependencies: [],
                        },
                    ),
                    (
                        InternedString {
                            inner: "b",
                        },
                        TypeExpression {
                            name: InternedString {
                                inner: "IntDep",
                            },
                            dependencies: [
                                OpCall {
                                    op_call: Binary(
                                        Minus,
                                        OpCall {
                                            op_call: Literal(
                                                Int(
                                                    1,
                                                ),
                                            ),
                                            result_type: TypeExpression {
                                                name: InternedString {
                                                    inner: "Int",
                                                },
                                                dependencies: [],
                                            },
                                        },
                                        Variable {
                                            name: InternedString {
                                                inner: "a",
                                            },
                                            ty: TypeExpression {
                                                name: InternedString {
                                                    inner: "Int",
                                                },
                                                dependencies: [],
                                            },
                                        },
                                    ),
                                    result_type: TypeExpression {
                                        name: InternedString {
                                            inner: "Int",
                                        },
                                        dependencies: [],
                                    },
                                },
                            ],
                        },
                    ),
                ],
                fields: [],
                result_type: TypeExpression {
                    name: InternedString {
                        inner: "DepWithExpr",
                    },
                    dependencies: [
                        Variable {
                            name: InternedString {
                                inner: "a",
                            },
                            ty: TypeExpression {
                                name: InternedString {
                                    inner: "Int",
                                },
                                dependencies: [],
                            },
                        },
                        Variable {
                            name: InternedString {
                                inner: "b",
                            },
                            ty: TypeExpression {
                                name: InternedString {
                                    inner: "IntDep",
                                },
                                dependencies: [
                                    OpCall {
                                        op_call: Binary(
                                            Minus,
                                            OpCall {
                                                op_call: Literal(
                                                    Int(
                                                        1,
                                                    ),
                                                ),
                                                result_type: TypeExpression {
                                                    name: InternedString {
                                                        inner: "Int",
                                                    },
                                                    dependencies: [],
                                                },
                                            },
                                            Variable {
                                                name: InternedString {
                                                    inner: "a",
                                                },
                                                ty: TypeExpression {
                                                    name: InternedString {
                                                        inner: "Int",
                                                    },
                                                    dependencies: [],
                                                },
                                            },
                                        ),
                                        result_type: TypeExpression {
                                            name: InternedString {
                                                inner: "Int",
                                            },
                                            dependencies: [],
                                        },
                                    },
                                ],
                            },
                        },
                    ],
                },
            },
            InternedString {
                inner: "IntDep",
            }: Constructor {
                implicits: [
                    (
                        InternedString {
                            inner: "n",
                        },
                        TypeExpression {
                            name: InternedString {
                                inner: "Int",
                            },
                            dependencies: [],
                        },
                    ),
                ],
                fields: [],
                result_type: TypeExpression {
                    name: InternedString {
                        inner: "IntDep",
                    },
                    dependencies: [
                        Variable {
                            name: InternedString {
                                inner: "n",
                            },
                            ty: TypeExpression {
                                name: InternedString {
                                    inner: "Int",
                                },
                                dependencies: [],
                            },
                        },
                    ],
                },
            },
            InternedString {
                inner: "ThreeDeps",
            }: Constructor {
                implicits: [
                    (
                        InternedString {
                            inner: "a",
                        },
                        TypeExpression {
                            name: InternedString {
                                inner: "Int",
                            },
                            dependencies: [],
                        },
                    ),
                    (
                        InternedString {
                            inner: "b",
                        },
                        TypeExpression {
                            name: InternedString {
                                inner: "IntDep",
                            },
                            dependencies: [
                                Variable {
                                    name: InternedString {
                                        inner: "a",
                                    },
                                    ty: TypeExpression {
                                        name: InternedString {
                                            inner: "Int",
                                        },
                                        dependencies: [],
                                    },
                                },
                            ],
                        },
                    ),
                    (
                        InternedString {
                            inner: "c",
                        },
                        TypeExpression {
                            name: InternedString {
                                inner: "IntDep",
                            },
                            dependencies: [
                                Variable {
                                    name: InternedString {
                                        inner: "a",
                                    },
                                    ty: TypeExpression {
                                        name: InternedString {
                                            inner: "Int",
                                        },
                                        dependencies: [],
                                    },
                                },
                            ],
                        },
                    ),
                ],
                fields: [],
                result_type: TypeExpression {
                    name: InternedString {
                        inner: "ThreeDeps",
                    },
                    dependencies: [
                        Variable {
                            name: InternedString {
                                inner: "a",
                            },
                            ty: TypeExpression {
                                name: InternedString {
                                    inner: "Int",
                                },
                                dependencies: [],
                            },
                        },
                        Variable {
                            name: InternedString {
                                inner: "b",
                            },
                            ty: TypeExpression {
                                name: InternedString {
                                    inner: "IntDep",
                                },
                                dependencies: [
                                    Variable {
                                        name: InternedString {
                                            inner: "a",
                                        },
                                        ty: TypeExpression {
                                            name: InternedString {
                                                inner: "Int",
                                            },
                                            dependencies: [],
                                        },
                                    },
                                ],
                            },
                        },
                        Variable {
                            name: InternedString {
                                inner: "c",
                            },
                            ty: TypeExpression {
                                name: InternedString {
                                    inner: "IntDep",
                                },
                                dependencies: [
                                    Variable {
                                        name: InternedString {
                                            inner: "a",
                                        },
                                        ty: TypeExpression {
                                            name: InternedString {
                                                inner: "Int",
                                            },
                                            dependencies: [],
                                        },
                                    },
                                ],
                            },
                        },
                    ],
                },
            },
            InternedString {
                inner: "TwoDeps",
            }: Constructor {
                implicits: [
                    (
                        InternedString {
                            inner: "a",
                        },
                        TypeExpression {
                            name: InternedString {
                                inner: "Int",
                            },
                            dependencies: [],
                        },
                    ),
                    (
                        InternedString {
                            inner: "b",
                        },
                        TypeExpression {
                            name: InternedString {
                                inner: "IntDep",
                            },
                            dependencies: [
                                Variable {
                                    name: InternedString {
                                        inner: "a",
                                    },
                                    ty: TypeExpression {
                                        name: InternedString {
                                            inner: "Int",
                                        },
                                        dependencies: [],
                                    },
                                },
                            ],
                        },
                    ),
                ],
                fields: [],
                result_type: TypeExpression {
                    name: InternedString {
                        inner: "TwoDeps",
                    },
                    dependencies: [
                        Variable {
                            name: InternedString {
                                inner: "a",
                            },
                            ty: TypeExpression {
                                name: InternedString {
                                    inner: "Int",
                                },
                                dependencies: [],
                            },
                        },
                        Variable {
                            name: InternedString {
                                inner: "b",
                            },
                            ty: TypeExpression {
                                name: InternedString {
                                    inner: "IntDep",
                                },
                                dependencies: [
                                    Variable {
                                        name: InternedString {
                                            inner: "a",
                                        },
                                        ty: TypeExpression {
                                            name: InternedString {
                                                inner: "Int",
                                            },
                                            dependencies: [],
                                        },
                                    },
                                ],
                            },
                        },
                    ],
                },
            },
        },
    },
)
