---
source: dbuf-core/tests/parsing/parsing_warnings.rs
expression: errors
input_file: dbuf-core/tests/parsing/partially_correct_dbufs/bad_call_chain.dbuf
---
[
    ParsingError(
        Error {
            found: Some(
                Dot,
            ),
            expected: [],
            at: Location {
                start: Offset {
                    lines: 1,
                    columns: 12,
                },
                length: Offset {
                    lines: 0,
                    columns: 1,
                },
            },
            extra: Some(
                BadCallChain(
                    Location {
                        start: Offset {
                            lines: 1,
                            columns: 11,
                        },
                        length: Offset {
                            lines: 0,
                            columns: 2,
                        },
                    },
                ),
            ),
        },
    ),
    ParsingError(
        Error {
            found: Some(
                Dot,
            ),
            expected: [],
            at: Location {
                start: Offset {
                    lines: 2,
                    columns: 16,
                },
                length: Offset {
                    lines: 0,
                    columns: 1,
                },
            },
            extra: Some(
                BadCallChain(
                    Location {
                        start: Offset {
                            lines: 2,
                            columns: 11,
                        },
                        length: Offset {
                            lines: 0,
                            columns: 6,
                        },
                    },
                ),
            ),
        },
    ),
]
